\BOOKMARK [0][-]{section*.3}{\376\377\000P\000r\000e\000f\000a\000c\000i\000o}{}% 1
\BOOKMARK [0][-]{section*.4}{\376\377\000A\000g\000r\000a\000d\000e\000c\000i\000m\000i\000e\000n\000t\000o\000s}{}% 2
\BOOKMARK [0][-]{toc.0}{\376\377\000\315\000n\000d\000i\000c\000e}{}% 3
\BOOKMARK [0][-]{section*.6}{\376\377\000L\000i\000s\000t\000a\000\040\000d\000e\000\040\000F\000i\000g\000u\000r\000a\000s}{}% 4
\BOOKMARK [0][-]{section*.7}{\376\377\000L\000i\000s\000t\000a\000\040\000d\000e\000\040\000C\000u\000a\000d\000r\000o\000s}{}% 5
\BOOKMARK [0][-]{section*.8}{\376\377\000R\000e\000s\000u\000m\000e\000n}{}% 6
\BOOKMARK [0][-]{chapter.9}{\376\377\000I\000n\000t\000r\000o\000d\000u\000c\000c\000i\000\363\000n}{}% 7
\BOOKMARK [0][-]{chapter.13}{\376\377\000O\000b\000j\000e\000t\000i\000v\000o\000s}{}% 8
\BOOKMARK [1][-]{section.14}{\376\377\000O\000b\000j\000e\000t\000i\000v\000o\000\040\000G\000e\000n\000e\000r\000a\000l}{chapter.13}% 9
\BOOKMARK [1][-]{section.15}{\376\377\000O\000b\000j\000e\000t\000i\000v\000o\000s\000\040\000E\000s\000p\000e\000c\000\355\000f\000i\000c\000o\000s}{chapter.13}% 10
\BOOKMARK [0][-]{chapter.21}{\376\377\000J\000u\000s\000t\000i\000f\000i\000c\000a\000c\000i\000\363\000n}{}% 11
\BOOKMARK [0][-]{chapter.22}{\376\377\000M\000a\000r\000c\000o\000\040\000T\000e\000\363\000r\000i\000c\000o}{}% 12
\BOOKMARK [1][-]{section.23}{\376\377\000G\000o\000b\000i\000e\000r\000n\000o\000\040\000d\000e\000\040\000d\000a\000t\000o\000s\000\040\000m\000a\000e\000s\000t\000r\000o\000s}{chapter.22}% 13
\BOOKMARK [2][-]{subsection.24}{\376\377\000D\000i\000m\000e\000n\000s\000i\000o\000n\000e\000s\000\040\000d\000e\000\040\000c\000a\000l\000i\000d\000a\000d\000\040\000d\000e\000l\000\040\000d\000a\000t\000o\000\040\000m\000a\000e\000s\000t\000r\000o}{section.23}% 14
\BOOKMARK [2][-]{subsection.25}{\376\377\000I\000m\000p\000a\000c\000t\000o\000\040\000e\000c\000o\000n\000\363\000m\000i\000c\000o\000\040\000d\000e\000\040\000l\000a\000\040\000m\000a\000l\000a\000\040\000c\000a\000l\000i\000d\000a\000d\000\040\000d\000e\000\040\000d\000a\000t\000o\000s}{section.23}% 15
\BOOKMARK [2][-]{subsection.26}{\376\377\000E\000s\000t\000\341\000n\000d\000a\000r\000e\000s\000\040\000p\000a\000r\000a\000\040\000l\000a\000\040\000d\000e\000s\000c\000r\000i\000p\000c\000i\000\363\000n\000\040\000d\000e\000\040\000d\000a\000t\000o\000s\000\040\000m\000a\000e\000s\000t\000r\000o\000s\000\040\000d\000e\000\040\000m\000a\000t\000e\000r\000i\000a\000l\000e\000s}{section.23}% 16
\BOOKMARK [1][-]{section.27}{\376\377\000I\000n\000t\000e\000l\000i\000g\000e\000n\000c\000i\000a\000\040\000d\000e\000\040\000n\000e\000g\000o\000c\000i\000o\000s\000\040\000y\000\040\000m\000e\000d\000i\000c\000i\000\363\000n\000\040\000d\000e\000l\000\040\000d\000e\000s\000e\000m\000p\000e\000\361\000o\000\040\000d\000e\000l\000\040\000p\000r\000o\000c\000e\000s\000o}{chapter.22}% 17
\BOOKMARK [2][-]{subsection.28}{\376\377\000M\000o\000d\000e\000l\000a\000d\000o\000\040\000d\000i\000m\000e\000n\000s\000i\000o\000n\000a\000l}{section.27}% 18
\BOOKMARK [2][-]{subsection.29}{\376\377\000I\000n\000d\000i\000c\000a\000d\000o\000r\000e\000s\000\040\000c\000l\000a\000v\000e\000\040\000d\000e\000\040\000d\000e\000s\000e\000m\000p\000e\000\361\000o}{section.27}% 19
\BOOKMARK [2][-]{subsection.30}{\376\377\000V\000a\000l\000o\000r\000a\000c\000i\000\363\000n\000\040\000e\000c\000o\000n\000\363\000m\000i\000c\000a\000\040\000d\000e\000\040\000l\000a\000\040\000i\000n\000f\000o\000r\000m\000a\000c\000i\000\363\000n}{section.27}% 20
\BOOKMARK [1][-]{section.31}{\376\377\000M\000e\000t\000o\000d\000o\000l\000o\000g\000\355\000a\000\040\000p\000a\000r\000a\000\040\000p\000r\000o\000y\000e\000c\000t\000o\000s\000\040\000d\000e\000\040\000a\000n\000a\000l\000\355\000t\000i\000c\000a}{chapter.22}% 21
\BOOKMARK [1][-]{section.32}{\376\377\000A\000r\000q\000u\000i\000t\000e\000c\000t\000u\000r\000a\000\040\000d\000e\000\040\000d\000a\000t\000o\000s\000\040\000p\000o\000r\000\040\000c\000a\000p\000a\000s\000\040\000\050\000m\000e\000d\000a\000l\000l\000\363\000n\000\051}{chapter.22}% 22
\BOOKMARK [1][-]{section.33}{\376\377\000P\000r\000o\000c\000e\000s\000a\000m\000i\000e\000n\000t\000o\000\040\000d\000e\000\040\000l\000e\000n\000g\000u\000a\000j\000e\000\040\000n\000a\000t\000u\000r\000a\000l\000\040\000p\000a\000r\000a\000\040\000n\000o\000r\000m\000a\000l\000i\000z\000a\000c\000i\000\363\000n\000\040\000d\000e\000\040\000t\000e\000x\000t\000o}{chapter.22}% 23
\BOOKMARK [2][-]{subsection.34}{\376\377\000E\000n\000f\000o\000q\000u\000e\000s\000\040\000b\000a\000s\000a\000d\000o\000s\000\040\000e\000n\000\040\000r\000e\000g\000l\000a\000s\000\040\000y\000\040\000b\000a\000s\000a\000d\000o\000s\000\040\000e\000n\000\040\000m\000o\000d\000e\000l\000o\000s\000\040\000d\000e\000\040\000l\000e\000n\000g\000u\000a\000j\000e}{section.33}% 24
\BOOKMARK [2][-]{subsection.35}{\376\377\000L\000a\000\040\000a\000r\000q\000u\000i\000t\000e\000c\000t\000u\000r\000a\000\040\000T\000r\000a\000n\000s\000f\000o\000r\000m\000e\000r}{section.33}% 25
\BOOKMARK [2][-]{subsection.36}{\376\377\000M\000o\000d\000e\000l\000o\000s\000\040\000d\000e\000\040\000l\000e\000n\000g\000u\000a\000j\000e\000\040\000a\000p\000l\000i\000c\000a\000d\000o\000s\000\040\000a\000\040\000t\000a\000r\000e\000a\000s\000\040\000d\000e\000\040\000p\000r\000e\000p\000a\000r\000a\000c\000i\000\363\000n\000\040\000d\000e\000\040\000d\000a\000t\000o\000s}{section.33}% 26
\BOOKMARK [1][-]{section.37}{\376\377\000D\000e\000t\000e\000c\000c\000i\000\363\000n\000\040\000d\000e\000\040\000d\000u\000p\000l\000i\000c\000a\000d\000o\000s\000\040\000y\000\040\000r\000e\000s\000o\000l\000u\000c\000i\000\363\000n\000\040\000d\000e\000\040\000e\000n\000t\000i\000d\000a\000d\000e\000s}{chapter.22}% 27
\BOOKMARK [2][-]{subsection.38}{\376\377\000E\000l\000\040\000p\000r\000o\000b\000l\000e\000m\000a\000\040\000d\000e\000\040\000l\000a\000\040\000d\000e\000t\000e\000c\000c\000i\000\363\000n\000\040\000d\000e\000\040\000d\000u\000p\000l\000i\000c\000a\000d\000o\000s}{section.37}% 28
\BOOKMARK [2][-]{subsection.39}{\376\377\000S\000i\000m\000i\000l\000i\000t\000u\000d\000\040\000p\000o\000r\000\040\000q\000-\000g\000r\000a\000m\000a\000s\000\040\000y\000\040\000t\000r\000i\000g\000r\000a\000m\000a\000s}{section.37}% 29
\BOOKMARK [2][-]{subsection.40}{\376\377\000U\000m\000b\000r\000a\000l\000\040\000d\000e\000\040\000s\000i\000m\000i\000l\000i\000t\000u\000d\000\040\000y\000\040\000c\000o\000m\000p\000r\000o\000m\000i\000s\000o\000\040\000e\000n\000t\000r\000e\000\040\000e\000x\000h\000a\000u\000s\000t\000i\000v\000i\000d\000a\000d\000\040\000y\000\040\000p\000r\000e\000c\000i\000s\000i\000\363\000n}{section.37}% 30
\BOOKMARK [1][-]{section.41}{\376\377\000R\000e\000p\000r\000e\000s\000e\000n\000t\000a\000c\000i\000\363\000n\000\040\000v\000e\000c\000t\000o\000r\000i\000a\000l\000\040\000d\000e\000\040\000t\000e\000x\000t\000o}{chapter.22}% 31
\BOOKMARK [2][-]{subsection.42}{\376\377\000T\000F\000-\000I\000D\000F}{section.41}% 32
\BOOKMARK [2][-]{subsection.43}{\376\377\000N\000-\000g\000r\000a\000m\000a\000s\000\040\000d\000e\000\040\000c\000a\000r\000\341\000c\000t\000e\000r}{section.41}% 33
\BOOKMARK [1][-]{section.44}{\376\377\000A\000l\000g\000o\000r\000i\000t\000m\000o\000s\000\040\000d\000e\000\040\000c\000l\000a\000s\000i\000f\000i\000c\000a\000c\000i\000\363\000n\000\040\000s\000u\000p\000e\000r\000v\000i\000s\000a\000d\000a\000\040\000e\000v\000a\000l\000u\000a\000d\000o\000s}{chapter.22}% 34
\BOOKMARK [2][-]{subsection.45}{\376\377\000R\000e\000g\000r\000e\000s\000i\000\363\000n\000\040\000l\000o\000g\000\355\000s\000t\000i\000c\000a}{section.44}% 35
\BOOKMARK [2][-]{subsection.46}{\376\377\000M\000\341\000q\000u\000i\000n\000a\000s\000\040\000d\000e\000\040\000v\000e\000c\000t\000o\000r\000e\000s\000\040\000d\000e\000\040\000s\000o\000p\000o\000r\000t\000e\000\040\000\050\000S\000V\000M\000\040\000l\000i\000n\000e\000a\000l\000\051}{section.44}% 36
\BOOKMARK [2][-]{subsection.47}{\376\377\000R\000a\000n\000d\000o\000m\000\040\000F\000o\000r\000e\000s\000t}{section.44}% 37
\BOOKMARK [2][-]{subsection.48}{\376\377\000X\000G\000B\000o\000o\000s\000t}{section.44}% 38
\BOOKMARK [2][-]{subsection.49}{\376\377\000f\000a\000s\000t\000T\000e\000x\000t}{section.44}% 39
\BOOKMARK [2][-]{subsection.50}{\376\377\000T\000r\000a\000n\000s\000f\000o\000r\000m\000e\000r\000\040\000\050\000e\000m\000b\000e\000d\000d\000i\000n\000g\000s\000\040\000c\000o\000n\000t\000e\000x\000t\000u\000a\000l\000e\000s\000\051}{section.44}% 40
\BOOKMARK [1][-]{section.51}{\376\377\000E\000v\000a\000l\000u\000a\000c\000i\000\363\000n\000\040\000d\000e\000\040\000c\000l\000a\000s\000i\000f\000i\000c\000a\000d\000o\000r\000e\000s\000\040\000m\000u\000l\000t\000i\000c\000l\000a\000s\000e}{chapter.22}% 41
\BOOKMARK [2][-]{subsection.52}{\376\377\000M\000\351\000t\000r\000i\000c\000a\000s\000\040\000y\000\040\000e\000s\000q\000u\000e\000m\000a\000s\000\040\000d\000e\000\040\000p\000r\000o\000m\000e\000d\000i\000a\000d\000o}{section.51}% 42
\BOOKMARK [2][-]{subsection.53}{\376\377\000E\000x\000a\000c\000t\000i\000t\000u\000d\000\040\000t\000o\000p\000-\000k}{section.51}% 43
\BOOKMARK [2][-]{subsection.54}{\376\377\000D\000e\000s\000b\000a\000l\000a\000n\000c\000e\000\040\000d\000e\000\040\000c\000l\000a\000s\000e\000s}{section.51}% 44
\BOOKMARK [2][-]{subsection.55}{\376\377\000P\000r\000o\000t\000o\000c\000o\000l\000o\000\040\000d\000e\000\040\000v\000a\000l\000i\000d\000a\000c\000i\000\363\000n}{section.51}% 45
\BOOKMARK [1][-]{section.56}{\376\377\000C\000a\000l\000i\000b\000r\000a\000c\000i\000\363\000n\000\040\000d\000e\000\040\000p\000r\000o\000b\000a\000b\000i\000l\000i\000d\000a\000d\000e\000s\000\040\000y\000\040\000p\000r\000e\000d\000i\000c\000c\000i\000\363\000n\000\040\000s\000e\000l\000e\000c\000t\000i\000v\000a}{chapter.22}% 46
\BOOKMARK [2][-]{subsection.57}{\376\377\000C\000a\000l\000i\000b\000r\000a\000c\000i\000\363\000n\000\040\000d\000e\000\040\000p\000r\000o\000b\000a\000b\000i\000l\000i\000d\000a\000d\000e\000s}{section.56}% 47
\BOOKMARK [2][-]{subsection.58}{\376\377\000C\000l\000a\000s\000i\000f\000i\000c\000a\000c\000i\000\363\000n\000\040\000c\000o\000n\000\040\000o\000p\000c\000i\000\363\000n\000\040\000d\000e\000\040\000r\000e\000c\000h\000a\000z\000o}{section.56}% 48
\BOOKMARK [0][-]{chapter.59}{\376\377\000A\000n\000t\000e\000c\000e\000d\000e\000n\000t\000e\000s}{}% 49
\BOOKMARK [0][-]{chapter.60}{\376\377\000A\000l\000c\000a\000n\000c\000e}{}% 50
\BOOKMARK [0][-]{chapter.61}{\376\377\000M\000e\000t\000o\000d\000o\000l\000o\000g\000\355\000a}{}% 51
\BOOKMARK [1][-]{section.62}{\376\377\000E\000n\000f\000o\000q\000u\000e\000\040\000m\000e\000t\000o\000d\000o\000l\000\363\000g\000i\000c\000o}{chapter.61}% 52
\BOOKMARK [1][-]{section.63}{\376\377\000M\000a\000t\000e\000r\000i\000a\000l\000e\000s}{chapter.61}% 53
\BOOKMARK [2][-]{subsection.64}{\376\377\000F\000u\000e\000n\000t\000e\000s\000\040\000d\000e\000\040\000i\000n\000f\000o\000r\000m\000a\000c\000i\000\363\000n}{section.63}% 54
\BOOKMARK [2][-]{subsection.65}{\376\377\000R\000e\000c\000u\000r\000s\000o\000s\000\040\000t\000e\000c\000n\000o\000l\000\363\000g\000i\000c\000o\000s}{section.63}% 55
\BOOKMARK [1][-]{section.66}{\376\377\000I\000n\000t\000e\000g\000r\000a\000c\000i\000\363\000n\000\040\000d\000e\000\040\000l\000a\000\040\000i\000n\000f\000o\000r\000m\000a\000c\000i\000\363\000n}{chapter.61}% 56
\BOOKMARK [2][-]{subsection.67}{\376\377\000A\000r\000q\000u\000i\000t\000e\000c\000t\000u\000r\000a\000\040\000i\000m\000p\000l\000e\000m\000e\000n\000t\000a\000d\000a}{section.66}% 57
\BOOKMARK [2][-]{subsection.68}{\376\377\000P\000r\000o\000c\000e\000s\000o\000\040\000d\000e\000\040\000i\000n\000g\000e\000s\000t\000a}{section.66}% 58
\BOOKMARK [1][-]{section.69}{\376\377\000P\000r\000e\000p\000a\000r\000a\000c\000i\000\363\000n\000\040\000d\000e\000\040\000l\000o\000s\000\040\000d\000a\000t\000o\000s}{chapter.61}% 59
\BOOKMARK [2][-]{subsection.70}{\376\377\000P\000r\000e\000p\000r\000o\000c\000e\000s\000a\000m\000i\000e\000n\000t\000o\000\040\000d\000e\000\040\000t\000e\000x\000t\000o}{section.69}% 60
\BOOKMARK [2][-]{subsection.71}{\376\377\000C\000r\000i\000t\000e\000r\000i\000o\000s\000\040\000d\000e\000\040\000c\000o\000n\000s\000t\000r\000u\000c\000c\000i\000\363\000n\000\040\000d\000e\000l\000\040\000c\000o\000n\000j\000u\000n\000t\000o\000\040\000d\000e\000\040\000m\000o\000d\000e\000l\000a\000d\000o}{section.69}% 61
\BOOKMARK [1][-]{section.72}{\376\377\000M\000\351\000t\000o\000d\000o\000s\000\040\000a\000n\000a\000l\000\355\000t\000i\000c\000o\000s}{chapter.61}% 62
\BOOKMARK [2][-]{subsection.73}{\376\377\000N\000o\000r\000m\000a\000l\000i\000z\000a\000c\000i\000\363\000n\000\040\000d\000e\000\040\000d\000e\000s\000c\000r\000i\000p\000c\000i\000o\000n\000e\000s\000\040\000m\000e\000d\000i\000a\000n\000t\000e\000\040\000m\000o\000d\000e\000l\000o\000\040\000d\000e\000\040\000l\000e\000n\000g\000u\000a\000j\000e}{section.72}% 63
\BOOKMARK [2][-]{subsection.74}{\376\377\000D\000e\000t\000e\000c\000c\000i\000\363\000n\000\040\000d\000e\000\040\000d\000u\000p\000l\000i\000c\000a\000d\000o\000s}{section.72}% 64
\BOOKMARK [2][-]{subsection.75}{\376\377\000D\000i\000s\000e\000\361\000o\000\040\000d\000e\000\040\000l\000a\000\040\000e\000v\000a\000l\000u\000a\000c\000i\000\363\000n\000\040\000d\000e\000\040\000a\000l\000g\000o\000r\000i\000t\000m\000o\000s\000\040\000d\000e\000\040\000c\000l\000a\000s\000i\000f\000i\000c\000a\000c\000i\000\363\000n}{section.72}% 65
\BOOKMARK [1][-]{section.76}{\376\377\000A\000r\000q\000u\000i\000t\000e\000c\000t\000u\000r\000a\000\040\000t\000e\000c\000n\000o\000l\000\363\000g\000i\000c\000a\000\040\000e\000\040\000i\000m\000p\000l\000e\000m\000e\000n\000t\000a\000c\000i\000\363\000n}{chapter.61}% 66
\BOOKMARK [2][-]{subsection.77}{\376\377\000C\000o\000m\000p\000o\000n\000e\000n\000t\000e\000s\000\040\000y\000\040\000d\000e\000s\000p\000l\000i\000e\000g\000u\000e}{section.76}% 67
\BOOKMARK [2][-]{subsection.78}{\376\377\000C\000i\000c\000l\000o\000\040\000d\000e\000\040\000v\000i\000d\000a\000\040\000d\000e\000\040\000u\000n\000a\000\040\000s\000o\000l\000i\000c\000i\000t\000u\000d}{section.76}% 68
\BOOKMARK [1][-]{section.79}{\376\377\000I\000n\000s\000t\000r\000u\000m\000e\000n\000t\000a\000c\000i\000\363\000n\000\040\000y\000\040\000m\000e\000d\000i\000c\000i\000\363\000n}{chapter.61}% 69
\BOOKMARK [1][-]{section.80}{\376\377\000P\000r\000o\000t\000o\000c\000o\000l\000o\000\040\000d\000e\000\040\000v\000a\000l\000i\000d\000a\000c\000i\000\363\000n\000\040\000e\000n\000\040\000p\000r\000o\000d\000u\000c\000c\000i\000\363\000n}{chapter.61}% 70
\BOOKMARK [0][-]{chapter.81}{\376\377\000R\000e\000s\000u\000l\000t\000a\000d\000o\000s}{}% 71
\BOOKMARK [1][-]{section.82}{\376\377\000C\000a\000r\000a\000c\000t\000e\000r\000i\000z\000a\000c\000i\000\363\000n\000\040\000d\000e\000l\000\040\000m\000a\000e\000s\000t\000r\000o\000\040\000d\000e\000\040\000m\000a\000t\000e\000r\000i\000a\000l\000e\000s}{chapter.81}% 72
\BOOKMARK [1][-]{section.87}{\376\377\000C\000o\000n\000j\000u\000n\000t\000o\000\040\000d\000e\000\040\000m\000o\000d\000e\000l\000a\000d\000o\000\040\000r\000e\000s\000u\000l\000t\000a\000n\000t\000e}{chapter.81}% 73
\BOOKMARK [1][-]{section.89}{\376\377\000D\000e\000s\000e\000m\000p\000e\000\361\000o\000\040\000c\000o\000m\000p\000a\000r\000a\000d\000o\000\040\000d\000e\000\040\000l\000o\000s\000\040\000a\000l\000g\000o\000r\000i\000t\000m\000o\000s}{chapter.81}% 74
\BOOKMARK [1][-]{section.92}{\376\377\000D\000e\000s\000e\000m\000p\000e\000\361\000o\000\040\000d\000e\000l\000\040\000m\000o\000d\000e\000l\000o\000\040\000s\000e\000l\000e\000c\000c\000i\000o\000n\000a\000d\000o}{chapter.81}% 75
\BOOKMARK [1][-]{section.95}{\376\377\000E\000x\000a\000c\000t\000i\000t\000u\000d\000\040\000y\000\040\000c\000o\000b\000e\000r\000t\000u\000r\000a\000\040\000s\000e\000g\000\372\000n\000\040\000e\000l\000\040\000u\000m\000b\000r\000a\000l\000\040\000d\000e\000\040\000c\000o\000n\000f\000i\000a\000n\000z\000a}{chapter.81}% 76
\BOOKMARK [1][-]{section.98}{\376\377\000R\000e\000s\000u\000l\000t\000a\000d\000o\000s\000\040\000d\000e\000\040\000l\000a\000\040\000o\000p\000e\000r\000a\000c\000i\000\363\000n\000\040\000e\000n\000\040\000p\000r\000o\000d\000u\000c\000c\000i\000\363\000n}{chapter.81}% 77
\BOOKMARK [0][-]{chapter.99}{\376\377\000D\000i\000s\000c\000u\000s\000i\000\363\000n}{}% 78
\BOOKMARK [1][-]{section.100}{\376\377\000S\000o\000b\000r\000e\000\040\000l\000a\000\040\000s\000e\000l\000e\000c\000c\000i\000\363\000n\000\040\000d\000e\000l\000\040\000a\000l\000g\000o\000r\000i\000t\000m\000o}{chapter.99}% 79
\BOOKMARK [1][-]{section.101}{\376\377\000S\000o\000b\000r\000e\000\040\000e\000l\000\040\000e\000f\000e\000c\000t\000o\000\040\000d\000e\000l\000\040\000d\000e\000s\000b\000a\000l\000a\000n\000c\000e\000\040\000d\000e\000\040\000c\000l\000a\000s\000e\000s}{chapter.99}% 80
\BOOKMARK [1][-]{section.102}{\376\377\000S\000o\000b\000r\000e\000\040\000e\000l\000\040\000t\000r\000a\000n\000s\000f\000o\000r\000m\000a\000d\000o\000r\000\040\000q\000u\000e\000\040\000n\000o\000\040\000c\000o\000n\000v\000e\000r\000g\000i\000\363}{chapter.99}% 81
\BOOKMARK [1][-]{section.103}{\376\377\000S\000o\000b\000r\000e\000\040\000l\000a\000\040\000n\000a\000t\000u\000r\000a\000l\000e\000z\000a\000\040\000d\000e\000\040\000l\000o\000s\000\040\000e\000r\000r\000o\000r\000e\000s\000\040\000d\000e\000l\000\040\000m\000o\000d\000e\000l\000o}{chapter.99}% 82
\BOOKMARK [1][-]{section.104}{\376\377\000S\000o\000b\000r\000e\000\040\000e\000l\000\040\000p\000u\000n\000t\000o\000\040\000d\000e\000\040\000o\000p\000e\000r\000a\000c\000i\000\363\000n\000\040\000s\000e\000l\000e\000c\000c\000i\000o\000n\000a\000d\000o}{chapter.99}% 83
\BOOKMARK [1][-]{section.105}{\376\377\000C\000o\000m\000p\000a\000r\000a\000c\000i\000\363\000n\000\040\000c\000o\000n\000\040\000l\000o\000s\000\040\000a\000n\000t\000e\000c\000e\000d\000e\000n\000t\000e\000s}{chapter.99}% 84
\BOOKMARK [1][-]{section.106}{\376\377\000L\000i\000m\000i\000t\000a\000c\000i\000o\000n\000e\000s\000\040\000d\000e\000l\000\040\000e\000s\000t\000u\000d\000i\000o}{chapter.99}% 85
\BOOKMARK [0][-]{chapter.107}{\376\377\000C\000o\000n\000c\000l\000u\000s\000i\000o\000n\000e\000s}{}% 86
\BOOKMARK [0][-]{chapter.108}{\376\377\000R\000e\000c\000o\000m\000e\000n\000d\000a\000c\000i\000o\000n\000e\000s}{}% 87
\BOOKMARK [1][-]{section*.110}{\376\377\000R\000e\000f\000e\000r\000e\000n\000c\000i\000a\000s}{chapter.108}% 88
\BOOKMARK [0][-]{section*.110}{\376\377\000B\000i\000b\000l\000i\000o\000g\000r\000a\000f\000\355\000a}{}% 89
\BOOKMARK [0][-]{section*.111}{\376\377\000A\000n\000e\000x\000o\000s}{}% 90
\BOOKMARK [0][-]{chapter.112}{\376\377\000x\000x\000x}{}% 91
