\BOOKMARK [1][-]{section.1}{\376\377\000A\000l\000c\000a\000n\000c\000e\000\040\000d\000e\000\040\000e\000s\000t\000e\000\040\000m\000a\000n\000u\000a\000l}{}% 1
\BOOKMARK [2][-]{subsection.1.1}{\376\377\000L\000a\000s\000\040\000c\000i\000n\000c\000o\000\040\000s\000e\000c\000c\000i\000o\000n\000e\000s\000\040\000r\000e\000s\000t\000r\000i\000n\000g\000i\000d\000a\000s}{section.1}% 2
\BOOKMARK [1][-]{section.2}{\376\377\000R\000o\000l\000e\000s\000\040\000y\000\040\000c\000o\000n\000t\000r\000o\000l\000\040\000d\000e\000\040\000a\000c\000c\000e\000s\000o}{}% 3
\BOOKMARK [2][-]{subsection.2.1}{\376\377\000Q\000u\000\351\000\040\000c\000a\000m\000b\000i\000a\000\040\000s\000e\000g\000\372\000n\000\040\000e\000l\000\040\000r\000o\000l}{section.2}% 4
\BOOKMARK [2][-]{subsection.2.2}{\376\377\000C\000\363\000m\000o\000\040\000s\000e\000\040\000a\000p\000l\000i\000c\000a\000\040\000l\000a\000\040\000r\000e\000s\000t\000r\000i\000c\000c\000i\000\363\000n}{section.2}% 5
\BOOKMARK [1][-]{section.3}{\376\377\000U\000s\000u\000a\000r\000i\000o\000s}{}% 6
\BOOKMARK [2][-]{subsection.3.1}{\376\377\000C\000r\000e\000a\000r\000\040\000u\000n\000a\000\040\000c\000u\000e\000n\000t\000a}{section.3}% 7
\BOOKMARK [2][-]{subsection.3.2}{\376\377\000E\000d\000i\000t\000a\000r\000\040\000u\000n\000a\000\040\000c\000u\000e\000n\000t\000a}{section.3}% 8
\BOOKMARK [2][-]{subsection.3.3}{\376\377\000D\000e\000s\000h\000a\000b\000i\000l\000i\000t\000a\000r\000\040\000f\000r\000e\000n\000t\000e\000\040\000a\000\040\000d\000a\000r\000\040\000d\000e\000\040\000b\000a\000j\000a}{section.3}% 9
\BOOKMARK [2][-]{subsection.3.4}{\376\377\000L\000a\000\040\000b\000a\000j\000a\000\040\000e\000s\000\040\000l\000\363\000g\000i\000c\000a}{section.3}% 10
\BOOKMARK [2][-]{subsection.3.5}{\376\377\000R\000e\000s\000g\000u\000a\000r\000d\000o\000s\000\040\000q\000u\000e\000\040\000n\000o\000\040\000p\000u\000e\000d\000e\000\040\000s\000a\000l\000t\000a\000r\000s\000e}{section.3}% 11
\BOOKMARK [1][-]{section.4}{\376\377\000M\000o\000d\000e\000l\000o}{}% 12
\BOOKMARK [2][-]{subsection.4.1}{\376\377\000C\000u\000\341\000n\000d\000o\000\040\000r\000e\000e\000n\000t\000r\000e\000n\000a\000r}{section.4}% 13
\BOOKMARK [2][-]{subsection.4.2}{\376\377\000C\000\363\000m\000o\000\040\000s\000e\000\040\000e\000j\000e\000c\000u\000t\000a}{section.4}% 14
\BOOKMARK [2][-]{subsection.4.3}{\376\377\000C\000\363\000m\000o\000\040\000l\000e\000e\000r\000\040\000l\000a\000\040\000c\000o\000m\000p\000a\000r\000a\000c\000i\000\363\000n}{section.4}% 15
\BOOKMARK [2][-]{subsection.4.4}{\376\377\000E\000l\000\040\000m\000o\000d\000e\000l\000o\000\040\000n\000u\000e\000v\000o\000\040\000e\000n\000t\000r\000a\000\040\000d\000e\000\040\000i\000n\000m\000e\000d\000i\000a\000t\000o}{section.4}% 16
\BOOKMARK [2][-]{subsection.4.5}{\376\377\000V\000e\000r\000s\000i\000o\000n\000e\000s\000\040\000y\000\040\000r\000e\000v\000e\000r\000s\000i\000\363\000n}{section.4}% 17
\BOOKMARK [2][-]{subsection.4.6}{\376\377\000C\000o\000n\000\040\000q\000u\000\351\000\040\000d\000a\000t\000o\000s\000\040\000s\000e\000\040\000r\000e\000e\000n\000t\000r\000e\000n\000a}{section.4}% 18
\BOOKMARK [1][-]{section.5}{\376\377\000A\000r\000q\000u\000i\000t\000e\000c\000t\000u\000r\000a}{}% 19
\BOOKMARK [1][-]{section.6}{\376\377\000R\000e\000f\000e\000r\000e\000n\000c\000i\000a}{}% 20
\BOOKMARK [1][-]{section.7}{\376\377\000L\000a\000b}{}% 21
\BOOKMARK [1][-]{section.8}{\376\377\000O\000p\000e\000r\000a\000c\000i\000\363\000n\000\040\000r\000e\000c\000o\000m\000e\000n\000d\000a\000d\000a}{}% 22
\BOOKMARK [2][-]{subsection.8.1}{\376\377\000A\000l\000\040\000i\000n\000c\000o\000r\000p\000o\000r\000a\000r\000\040\000a\000\040\000a\000l\000g\000u\000i\000e\000n\000\040\000a\000l\000\040\000e\000q\000u\000i\000p\000o}{section.8}% 23
\BOOKMARK [2][-]{subsection.8.2}{\376\377\000A\000l\000\040\000a\000c\000t\000u\000a\000l\000i\000z\000a\000r\000\040\000e\000l\000\040\000m\000a\000e\000s\000t\000r\000o}{section.8}% 24
\BOOKMARK [2][-]{subsection.8.3}{\376\377\000A\000l\000\040\000r\000e\000e\000n\000t\000r\000e\000n\000a\000r}{section.8}% 25
\BOOKMARK [2][-]{subsection.8.4}{\376\377\000R\000e\000v\000i\000s\000i\000\363\000n\000\040\000p\000e\000r\000i\000\363\000d\000i\000c\000a}{section.8}% 26
